[0407/162448.346:ERROR:dns_config_service.cc(276)] DNS config watch failed.
[0407/162448.346:ERROR:dns_config_service.cc(276)] DNS config watch failed.
[0829/160048.702:ERROR:dns_config_service.cc(276)] DNS config watch failed.
[0829/160048.702:ERROR:dns_config_service.cc(276)] DNS config watch failed.
[0911/093848.987:ERROR:dns_config_service.cc(276)] DNS config watch failed.
[0911/103545.260:ERROR:ssl_client_socket_impl.cc(995)] handshake failed; returned -1, SSL error code 1, net_error -101
[0911/103745.255:ERROR:ssl_client_socket_impl.cc(995)] handshake failed; returned -1, SSL error code 1, net_error -101
[0911/104701.695:ERROR:ssl_client_socket_impl.cc(995)] handshake failed; returned -1, SSL error code 1, net_error -101
[0911/110145.311:ERROR:ssl_client_socket_impl.cc(995)] handshake failed; returned -1, SSL error code 1, net_error -101
[0911/112234.865:ERROR:ssl_client_socket_impl.cc(995)] handshake failed; returned -1, SSL error code 1, net_error -101
[0911/132935.906:ERROR:ssl_client_socket_impl.cc(995)] handshake failed; returned -1, SSL error code 1, net_error -101
[0911/134945.809:ERROR:ssl_client_socket_impl.cc(995)] handshake failed; returned -1, SSL error code 1, net_error -101
[0911/141748.465:ERROR:ssl_client_socket_impl.cc(995)] handshake failed; returned -1, SSL error code 1, net_error -101
[0911/142345.752:ERROR:ssl_client_socket_impl.cc(995)] handshake failed; returned -1, SSL error code 1, net_error -101
[0911/142806.426:ERROR:ssl_client_socket_impl.cc(995)] handshake failed; returned -1, SSL error code 1, net_error -101
[0911/143600.051:ERROR:ssl_client_socket_impl.cc(995)] handshake failed; returned -1, SSL error code 1, net_error -101
[0911/143649.302:ERROR:ssl_client_socket_impl.cc(995)] handshake failed; returned -1, SSL error code 1, net_error -101
[0911/145548.472:ERROR:ssl_client_socket_impl.cc(995)] handshake failed; returned -1, SSL error code 1, net_error -101
[0911/150145.662:ERROR:ssl_client_socket_impl.cc(995)] handshake failed; returned -1, SSL error code 1, net_error -101
[0911/150945.437:ERROR:ssl_client_socket_impl.cc(995)] handshake failed; returned -1, SSL error code 1, net_error -101
[0911/151004.646:ERROR:ssl_client_socket_impl.cc(995)] handshake failed; returned -1, SSL error code 1, net_error -101
[0911/151345.685:ERROR:ssl_client_socket_impl.cc(995)] handshake failed; returned -1, SSL error code 1, net_error -101
[0911/151545.844:ERROR:ssl_client_socket_impl.cc(995)] handshake failed; returned -1, SSL error code 1, net_error -101
[0911/151748.250:ERROR:ssl_client_socket_impl.cc(995)] handshake failed; returned -1, SSL error code 1, net_error -101
[0911/153345.375:ERROR:ssl_client_socket_impl.cc(995)] handshake failed; returned -1, SSL error code 1, net_error -101
[0911/154204.570:ERROR:ssl_client_socket_impl.cc(995)] handshake failed; returned -1, SSL error code 1, net_error -101
[0911/154248.231:ERROR:ssl_client_socket_impl.cc(995)] handshake failed; returned -1, SSL error code 1, net_error -101
[0911/155414.450:ERROR:ssl_client_socket_impl.cc(995)] handshake failed; returned -1, SSL error code 1, net_error -101
[0911/155553.465:ERROR:ssl_client_socket_impl.cc(995)] handshake failed; returned -1, SSL error code 1, net_error -101
[0911/163752.245:ERROR:ssl_client_socket_impl.cc(995)] handshake failed; returned -1, SSL error code 1, net_error -101
[0911/165505.667:ERROR:ssl_client_socket_impl.cc(995)] handshake failed; returned -1, SSL error code 1, net_error -101
[0911/165705.941:ERROR:ssl_client_socket_impl.cc(995)] handshake failed; returned -1, SSL error code 1, net_error -101
[0911/170459.662:ERROR:ssl_client_socket_impl.cc(995)] handshake failed; returned -1, SSL error code 1, net_error -101
[0911/170856.114:ERROR:ssl_client_socket_impl.cc(995)] handshake failed; returned -1, SSL error code 1, net_error -101
[0912/100959.810:ERROR:ssl_client_socket_impl.cc(995)] handshake failed; returned -1, SSL error code 1, net_error -101
[0912/101159.267:ERROR:ssl_client_socket_impl.cc(995)] handshake failed; returned -1, SSL error code 1, net_error -101
[0912/102248.526:ERROR:dns_config_service.cc(276)] DNS config watch failed.
[0912/103059.921:ERROR:ssl_client_socket_impl.cc(995)] handshake failed; returned -1, SSL error code 1, net_error -101
[0912/103304.024:ERROR:ssl_client_socket_impl.cc(995)] handshake failed; returned -1, SSL error code 1, net_error -101
[0912/103525.380:ERROR:ssl_client_socket_impl.cc(995)] handshake failed; returned -1, SSL error code 1, net_error -101
[0912/104505.962:ERROR:ssl_client_socket_impl.cc(995)] handshake failed; returned -1, SSL error code 1, net_error -101
[0912/105141.798:ERROR:ssl_client_socket_impl.cc(995)] handshake failed; returned -1, SSL error code 1, net_error -101
[0912/105941.563:ERROR:ssl_client_socket_impl.cc(995)] handshake failed; returned -1, SSL error code 1, net_error -101
[0912/120848.857:ERROR:dns_config_service.cc(276)] DNS config watch failed.
[0912/133707.832:ERROR:ssl_client_socket_impl.cc(995)] handshake failed; returned -1, SSL error code 1, net_error -101
[0912/135457.861:ERROR:ssl_client_socket_impl.cc(995)] handshake failed; returned -1, SSL error code 1, net_error -101
[0912/141541.857:ERROR:ssl_client_socket_impl.cc(995)] handshake failed; returned -1, SSL error code 1, net_error -101
[0912/141601.105:ERROR:ssl_client_socket_impl.cc(995)] handshake failed; returned -1, SSL error code 1, net_error -101
[0912/141651.315:ERROR:ssl_client_socket_impl.cc(995)] handshake failed; returned -1, SSL error code 1, net_error -101
[0912/142938.772:ERROR:ssl_client_socket_impl.cc(995)] handshake failed; returned -1, SSL error code 1, net_error -101
[0912/143457.866:ERROR:ssl_client_socket_impl.cc(995)] handshake failed; returned -1, SSL error code 1, net_error -101
[0912/143541.998:ERROR:ssl_client_socket_impl.cc(995)] handshake failed; returned -1, SSL error code 1, net_error -101
[0912/143657.701:ERROR:ssl_client_socket_impl.cc(995)] handshake failed; returned -1, SSL error code 1, net_error -101
[0912/144341.983:ERROR:ssl_client_socket_impl.cc(995)] handshake failed; returned -1, SSL error code 1, net_error -101
[0912/145342.028:ERROR:ssl_client_socket_impl.cc(995)] handshake failed; returned -1, SSL error code 1, net_error -101
[0912/145401.228:ERROR:ssl_client_socket_impl.cc(995)] handshake failed; returned -1, SSL error code 1, net_error -101
[0912/152527.945:ERROR:ssl_client_socket_impl.cc(995)] handshake failed; returned -1, SSL error code 1, net_error -101
[0912/152547.140:ERROR:ssl_client_socket_impl.cc(995)] handshake failed; returned -1, SSL error code 1, net_error -101
[0912/152740.198:ERROR:ssl_client_socket_impl.cc(995)] handshake failed; returned -1, SSL error code 1, net_error -101
[0912/153118.673:ERROR:ssl_client_socket_impl.cc(995)] handshake failed; returned -1, SSL error code 1, net_error -101
[0912/153559.762:ERROR:ssl_client_socket_impl.cc(995)] handshake failed; returned -1, SSL error code 1, net_error -101
[0912/154942.007:ERROR:ssl_client_socket_impl.cc(995)] handshake failed; returned -1, SSL error code 1, net_error -101
[0912/162602.293:ERROR:ssl_client_socket_impl.cc(995)] handshake failed; returned -1, SSL error code 1, net_error -101
[0912/163355.827:ERROR:ssl_client_socket_impl.cc(995)] handshake failed; returned -1, SSL error code 1, net_error -101
[0912/163948.465:ERROR:ssl_client_socket_impl.cc(995)] handshake failed; returned -1, SSL error code 1, net_error -101
[0912/164338.373:ERROR:ssl_client_socket_impl.cc(995)] handshake failed; returned -1, SSL error code 1, net_error -101
[0912/164541.568:ERROR:ssl_client_socket_impl.cc(995)] handshake failed; returned -1, SSL error code 1, net_error -101
[0912/164939.172:ERROR:ssl_client_socket_impl.cc(995)] handshake failed; returned -1, SSL error code 1, net_error -101
[0912/170648.305:ERROR:ssl_client_socket_impl.cc(995)] handshake failed; returned -1, SSL error code 1, net_error -101
[0912/224448.971:ERROR:dns_config_service.cc(276)] DNS config watch failed.
[0912/224448.971:ERROR:dns_config_service.cc(276)] DNS config watch failed.
[0913/073448.281:ERROR:dns_config_service.cc(276)] DNS config watch failed.
[0914/133649.073:ERROR:dns_config_service.cc(276)] DNS config watch failed.
[0914/133649.073:ERROR:dns_config_service.cc(276)] DNS config watch failed.
[1113/093051.872:ERROR:ssl_client_socket_impl.cc(995)] handshake failed; returned -1, SSL error code 1, net_error -100
[1205/185825.524:WARNING:dns_config_service_win.cc(512)] Failed to read DnsConfig.
[1205/185825.712:WARNING:dns_config_service_win.cc(512)] Failed to read DnsConfig.
[1205/185825.777:WARNING:dns_config_service_win.cc(512)] Failed to read DnsConfig.
[1205/185825.801:WARNING:dns_config_service_win.cc(512)] Failed to read DnsConfig.
[1205/185825.835:WARNING:dns_config_service_win.cc(512)] Failed to read DnsConfig.
[1205/185825.856:WARNING:dns_config_service_win.cc(512)] Failed to read DnsConfig.
[1205/185825.869:WARNING:dns_config_service_win.cc(512)] Failed to read DnsConfig.
[1205/185825.892:WARNING:dns_config_service_win.cc(512)] Failed to read DnsConfig.
[1210/181659.908:WARNING:dns_config_service_win.cc(512)] Failed to read DnsConfig.
[1211/180453.418:WARNING:spdy_session.cc(3435)] Received WINDOW_UPDATE for invalid stream 55
[1211/181949.684:WARNING:spdy_session.cc(3488)] Received HEADERS for invalid stream 149
[1211/181949.689:WARNING:spdy_session.cc(3488)] Received HEADERS for invalid stream 155
[1211/181949.710:WARNING:spdy_session.cc(3488)] Received HEADERS for invalid stream 153
[1211/182538.504:ERROR:registration_protocol_win.cc(106)] CreateFile: 系统找不到指定的文件。 (0x2)
[1211/182546.163:ERROR:registration_protocol_win.cc(106)] CreateFile: 系统找不到指定的文件。 (0x2)
[1211/182550.825:ERROR:registration_protocol_win.cc(106)] CreateFile: 系统找不到指定的文件。 (0x2)
[1211/182552.205:ERROR:registration_protocol_win.cc(106)] CreateFile: 系统找不到指定的文件。 (0x2)
[1211/182553.689:ERROR:registration_protocol_win.cc(106)] CreateFile: 系统找不到指定的文件。 (0x2)
[1211/182600.009:ERROR:registration_protocol_win.cc(106)] CreateFile: 系统找不到指定的文件。 (0x2)
[1211/182602.886:ERROR:registration_protocol_win.cc(106)] CreateFile: 系统找不到指定的文件。 (0x2)
[1211/182608.303:ERROR:registration_protocol_win.cc(106)] CreateFile: 系统找不到指定的文件。 (0x2)
[1211/182756.737:WARNING:spdy_session.cc(3488)] Received HEADERS for invalid stream 151
[1211/182756.763:WARNING:spdy_session.cc(3488)] Received HEADERS for invalid stream 155
[0531/174908.557:ERROR:crash_report_database_win.cc(592)] GetFileAttributes C:\Users\Halda\AppData\Local\Temp\scoped_dir28660_290206287\Crashpad: 系统找不到指定的路径。 (0x3)
[0531/174942.233:WARNING:spdy_session.cc(3488)] Received HEADERS for invalid stream 139
[0531/174944.596:WARNING:spdy_session.cc(3488)] Received HEADERS for invalid stream 59
[0531/174944.621:WARNING:spdy_session.cc(3488)] Received HEADERS for invalid stream 61
[0531/174944.633:WARNING:spdy_session.cc(3488)] Received HEADERS for invalid stream 63
[0531/174944.640:WARNING:spdy_session.cc(3488)] Received HEADERS for invalid stream 65
[0531/174944.640:WARNING:spdy_session.cc(3488)] Received HEADERS for invalid stream 67
[0531/174944.647:WARNING:spdy_session.cc(3488)] Received HEADERS for invalid stream 69
[0531/174944.647:WARNING:spdy_session.cc(3488)] Received HEADERS for invalid stream 71
[0531/174944.773:WARNING:spdy_session.cc(3435)] Received WINDOW_UPDATE for invalid stream 3
[0531/180544.870:ERROR:ssl_client_socket_impl.cc(995)] handshake failed; returned -1, SSL error code 1, net_error -101
[0531/180546.952:ERROR:ssl_client_socket_impl.cc(995)] handshake failed; returned -1, SSL error code 1, net_error -101
[0531/180546.959:ERROR:ssl_client_socket_impl.cc(995)] handshake failed; returned -1, SSL error code 1, net_error -101
[0531/180546.994:ERROR:ssl_client_socket_impl.cc(995)] handshake failed; returned -1, SSL error code 1, net_error -101
[0531/180547.002:ERROR:ssl_client_socket_impl.cc(995)] handshake failed; returned -1, SSL error code 1, net_error -101
[0601/090430.967:ERROR:ssl_client_socket_impl.cc(995)] handshake failed; returned -1, SSL error code 1, net_error -101
[0601/090438.587:ERROR:ssl_client_socket_impl.cc(995)] handshake failed; returned -1, SSL error code 1, net_error -101
[0601/090438.597:ERROR:ssl_client_socket_impl.cc(995)] handshake failed; returned -1, SSL error code 1, net_error -101
[0601/090438.609:ERROR:ssl_client_socket_impl.cc(995)] handshake failed; returned -1, SSL error code 1, net_error -101
[0601/090438.615:ERROR:ssl_client_socket_impl.cc(995)] handshake failed; returned -1, SSL error code 1, net_error -101
[0601/090444.606:ERROR:ssl_client_socket_impl.cc(995)] handshake failed; returned -1, SSL error code 1, net_error -101
[0601/090444.611:ERROR:ssl_client_socket_impl.cc(995)] handshake failed; returned -1, SSL error code 1, net_error -101
[0601/090444.619:ERROR:ssl_client_socket_impl.cc(995)] handshake failed; returned -1, SSL error code 1, net_error -101
[0601/090444.619:ERROR:ssl_client_socket_impl.cc(995)] handshake failed; returned -1, SSL error code 1, net_error -101
[0601/090444.622:ERROR:ssl_client_socket_impl.cc(995)] handshake failed; returned -1, SSL error code 1, net_error -101
[0601/090444.625:ERROR:ssl_client_socket_impl.cc(995)] handshake failed; returned -1, SSL error code 1, net_error -101
[0601/090444.625:ERROR:ssl_client_socket_impl.cc(995)] handshake failed; returned -1, SSL error code 1, net_error -101
[0601/090444.628:ERROR:ssl_client_socket_impl.cc(995)] handshake failed; returned -1, SSL error code 1, net_error -101
[0601/090444.636:ERROR:ssl_client_socket_impl.cc(995)] handshake failed; returned -1, SSL error code 1, net_error -101
[0601/090444.644:ERROR:ssl_client_socket_impl.cc(995)] handshake failed; returned -1, SSL error code 1, net_error -101
[0601/090444.647:ERROR:ssl_client_socket_impl.cc(995)] handshake failed; returned -1, SSL error code 1, net_error -101
[0601/090444.651:ERROR:ssl_client_socket_impl.cc(995)] handshake failed; returned -1, SSL error code 1, net_error -101
[0601/090444.658:ERROR:ssl_client_socket_impl.cc(995)] handshake failed; returned -1, SSL error code 1, net_error -101
[0601/090444.660:ERROR:ssl_client_socket_impl.cc(995)] handshake failed; returned -1, SSL error code 1, net_error -101
[0601/090444.661:ERROR:ssl_client_socket_impl.cc(995)] handshake failed; returned -1, SSL error code 1, net_error -101
[0601/090444.662:ERROR:ssl_client_socket_impl.cc(995)] handshake failed; returned -1, SSL error code 1, net_error -101
[0601/090444.665:ERROR:ssl_client_socket_impl.cc(995)] handshake failed; returned -1, SSL error code 1, net_error -101
[0601/090444.665:ERROR:ssl_client_socket_impl.cc(995)] handshake failed; returned -1, SSL error code 1, net_error -101
[0601/090444.665:ERROR:ssl_client_socket_impl.cc(995)] handshake failed; returned -1, SSL error code 1, net_error -101
[0601/090444.668:ERROR:ssl_client_socket_impl.cc(995)] handshake failed; returned -1, SSL error code 1, net_error -101
[0601/090444.675:ERROR:ssl_client_socket_impl.cc(995)] handshake failed; returned -1, SSL error code 1, net_error -101
[0601/090444.677:ERROR:ssl_client_socket_impl.cc(995)] handshake failed; returned -1, SSL error code 1, net_error -101
[0601/090444.682:ERROR:ssl_client_socket_impl.cc(995)] handshake failed; returned -1, SSL error code 1, net_error -101
[0601/090444.682:ERROR:ssl_client_socket_impl.cc(995)] handshake failed; returned -1, SSL error code 1, net_error -101
[0601/090444.687:ERROR:ssl_client_socket_impl.cc(995)] handshake failed; returned -1, SSL error code 1, net_error -101
[0601/090444.691:ERROR:ssl_client_socket_impl.cc(995)] handshake failed; returned -1, SSL error code 1, net_error -101
[0601/090504.653:ERROR:ssl_client_socket_impl.cc(995)] handshake failed; returned -1, SSL error code 1, net_error -101
[0601/090504.657:ERROR:ssl_client_socket_impl.cc(995)] handshake failed; returned -1, SSL error code 1, net_error -101
[0601/090504.662:ERROR:ssl_client_socket_impl.cc(995)] handshake failed; returned -1, SSL error code 1, net_error -101
[0601/090504.662:ERROR:ssl_client_socket_impl.cc(995)] handshake failed; returned -1, SSL error code 1, net_error -101
[0601/090504.666:ERROR:ssl_client_socket_impl.cc(995)] handshake failed; returned -1, SSL error code 1, net_error -101
[0601/090504.667:ERROR:ssl_client_socket_impl.cc(995)] handshake failed; returned -1, SSL error code 1, net_error -101
[0601/090504.667:ERROR:ssl_client_socket_impl.cc(995)] handshake failed; returned -1, SSL error code 1, net_error -101
[0601/090504.670:ERROR:ssl_client_socket_impl.cc(995)] handshake failed; returned -1, SSL error code 1, net_error -101
[0601/090504.677:ERROR:ssl_client_socket_impl.cc(995)] handshake failed; returned -1, SSL error code 1, net_error -101
[0601/090504.681:ERROR:ssl_client_socket_impl.cc(995)] handshake failed; returned -1, SSL error code 1, net_error -101
[0601/090504.694:ERROR:ssl_client_socket_impl.cc(995)] handshake failed; returned -1, SSL error code 1, net_error -101
[0601/090504.697:ERROR:ssl_client_socket_impl.cc(995)] handshake failed; returned -1, SSL error code 1, net_error -101
[0601/090504.714:ERROR:ssl_client_socket_impl.cc(995)] handshake failed; returned -1, SSL error code 1, net_error -101
[0601/090504.718:ERROR:ssl_client_socket_impl.cc(995)] handshake failed; returned -1, SSL error code 1, net_error -101
[0601/090504.722:ERROR:ssl_client_socket_impl.cc(995)] handshake failed; returned -1, SSL error code 1, net_error -101
[0601/090504.722:ERROR:ssl_client_socket_impl.cc(995)] handshake failed; returned -1, SSL error code 1, net_error -101
[0601/090504.726:ERROR:ssl_client_socket_impl.cc(995)] handshake failed; returned -1, SSL error code 1, net_error -101
[0601/090504.727:ERROR:ssl_client_socket_impl.cc(995)] handshake failed; returned -1, SSL error code 1, net_error -101
[0601/090504.727:ERROR:ssl_client_socket_impl.cc(995)] handshake failed; returned -1, SSL error code 1, net_error -101
[0601/090504.729:ERROR:ssl_client_socket_impl.cc(995)] handshake failed; returned -1, SSL error code 1, net_error -101
[0601/090504.733:ERROR:ssl_client_socket_impl.cc(995)] handshake failed; returned -1, SSL error code 1, net_error -101
[0601/090504.734:ERROR:ssl_client_socket_impl.cc(995)] handshake failed; returned -1, SSL error code 1, net_error -101
[0601/090504.737:ERROR:ssl_client_socket_impl.cc(995)] handshake failed; returned -1, SSL error code 1, net_error -101
[0601/090504.737:ERROR:ssl_client_socket_impl.cc(995)] handshake failed; returned -1, SSL error code 1, net_error -101
[0601/090630.865:ERROR:ssl_client_socket_impl.cc(995)] handshake failed; returned -1, SSL error code 1, net_error -101
[0601/090630.870:ERROR:ssl_client_socket_impl.cc(995)] handshake failed; returned -1, SSL error code 1, net_error -101
[0601/090819.353:WARNING:spdy_session.cc(3488)] Received HEADERS for invalid stream 139
[0601/090821.499:WARNING:spdy_session.cc(3488)] Received HEADERS for invalid stream 11
[0601/090821.520:WARNING:spdy_session.cc(3488)] Received HEADERS for invalid stream 47
[0601/090821.520:WARNING:spdy_session.cc(3435)] Received WINDOW_UPDATE for invalid stream 13
[0601/090821.520:WARNING:spdy_session.cc(3488)] Received HEADERS for invalid stream 13
[0601/160057.574:ERROR:crash_report_database_win.cc(592)] GetFileAttributes C:\Users\Halda\AppData\Local\Temp\scoped_dir28796_1859563267\Crashpad: 系统找不到指定的文件。 (0x2)
[0605/123013.783:ERROR:ssl_client_socket_impl.cc(995)] handshake failed; returned -1, SSL error code 1, net_error -101
[0605/123013.834:ERROR:ssl_client_socket_impl.cc(995)] handshake failed; returned -1, SSL error code 1, net_error -101
[0605/123036.176:ERROR:ssl_client_socket_impl.cc(995)] handshake failed; returned -1, SSL error code 1, net_error -101
[0605/123036.243:ERROR:ssl_client_socket_impl.cc(995)] handshake failed; returned -1, SSL error code 1, net_error -101
[0730/101527.883:WARNING:spdy_session.cc(3488)] Received HEADERS for invalid stream 135
[0730/101527.884:WARNING:spdy_session.cc(3488)] Received HEADERS for invalid stream 139
[0730/101527.886:WARNING:spdy_session.cc(3488)] Received HEADERS for invalid stream 141
[0730/101532.743:WARNING:spdy_session.cc(3488)] Received HEADERS for invalid stream 5
[0730/101532.909:WARNING:spdy_session.cc(3435)] Received WINDOW_UPDATE for invalid stream 239
[0730/101532.923:WARNING:spdy_session.cc(3488)] Received HEADERS for invalid stream 239
[0730/101532.983:WARNING:spdy_session.cc(3488)] Received HEADERS for invalid stream 7
[0730/101533.403:WARNING:spdy_session.cc(3488)] Received HEADERS for invalid stream 9
[0730/101533.469:WARNING:spdy_session.cc(3488)] Received HEADERS for invalid stream 11
[0730/101533.493:WARNING:spdy_session.cc(3488)] Received HEADERS for invalid stream 13
[0730/101533.525:WARNING:spdy_session.cc(3488)] Received HEADERS for invalid stream 15
[0730/101533.566:WARNING:spdy_session.cc(3488)] Received HEADERS for invalid stream 17
[0730/101533.609:WARNING:spdy_session.cc(3488)] Received HEADERS for invalid stream 19
[0730/101533.703:WARNING:spdy_session.cc(3488)] Received HEADERS for invalid stream 21
[0730/101533.746:WARNING:spdy_session.cc(3488)] Received HEADERS for invalid stream 23
[0730/101533.797:WARNING:spdy_session.cc(3488)] Received HEADERS for invalid stream 25
[0730/101533.831:WARNING:spdy_session.cc(3488)] Received HEADERS for invalid stream 27
[0730/101533.933:WARNING:spdy_session.cc(3488)] Received HEADERS for invalid stream 29
[0730/101533.996:WARNING:spdy_session.cc(3488)] Received HEADERS for invalid stream 31
[0730/101534.062:WARNING:spdy_session.cc(3488)] Received HEADERS for invalid stream 33
[0730/101534.151:WARNING:spdy_session.cc(3488)] Received HEADERS for invalid stream 35
[0730/101534.232:WARNING:spdy_session.cc(3488)] Received HEADERS for invalid stream 37
[0730/101534.286:WARNING:spdy_session.cc(3488)] Received HEADERS for invalid stream 39
[0730/101534.309:WARNING:spdy_session.cc(3488)] Received HEADERS for invalid stream 41
[0730/101534.321:WARNING:spdy_session.cc(3488)] Received HEADERS for invalid stream 43
[0730/101534.335:WARNING:spdy_session.cc(3488)] Received HEADERS for invalid stream 45
[0730/101534.348:WARNING:spdy_session.cc(3488)] Received HEADERS for invalid stream 47
[0730/101534.383:WARNING:spdy_session.cc(3488)] Received HEADERS for invalid stream 49
[0730/101534.701:WARNING:spdy_session.cc(3488)] Received HEADERS for invalid stream 51
[0730/101534.779:WARNING:spdy_session.cc(3488)] Received HEADERS for invalid stream 53
[0730/101534.855:WARNING:spdy_session.cc(3488)] Received HEADERS for invalid stream 55
[0730/101534.941:WARNING:spdy_session.cc(3488)] Received HEADERS for invalid stream 57
[0730/101535.062:WARNING:spdy_session.cc(3488)] Received HEADERS for invalid stream 59
[0730/101535.237:WARNING:spdy_session.cc(3488)] Received HEADERS for invalid stream 61
[0730/101535.279:WARNING:spdy_session.cc(3488)] Received HEADERS for invalid stream 63
[0730/101535.374:WARNING:spdy_session.cc(3488)] Received HEADERS for invalid stream 65
[0730/101535.437:WARNING:spdy_session.cc(3488)] Received HEADERS for invalid stream 67
[0730/101535.502:WARNING:spdy_session.cc(3488)] Received HEADERS for invalid stream 69
[0827/000134.891:ERROR:ssl_client_socket_impl.cc(995)] handshake failed; returned -1, SSL error code 1, net_error -101
[0827/000134.921:ERROR:ssl_client_socket_impl.cc(995)] handshake failed; returned -1, SSL error code 1, net_error -101
[0827/000334.882:ERROR:ssl_client_socket_impl.cc(995)] handshake failed; returned -1, SSL error code 1, net_error -101
[0827/000334.910:ERROR:ssl_client_socket_impl.cc(995)] handshake failed; returned -1, SSL error code 1, net_error -101
[0827/000534.871:ERROR:ssl_client_socket_impl.cc(995)] handshake failed; returned -1, SSL error code 1, net_error -101
[0827/000534.900:ERROR:ssl_client_socket_impl.cc(995)] handshake failed; returned -1, SSL error code 1, net_error -101
[0827/000734.865:ERROR:ssl_client_socket_impl.cc(995)] handshake failed; returned -1, SSL error code 1, net_error -101
[0827/000734.892:ERROR:ssl_client_socket_impl.cc(995)] handshake failed; returned -1, SSL error code 1, net_error -101
[0827/000934.856:ERROR:ssl_client_socket_impl.cc(995)] handshake failed; returned -1, SSL error code 1, net_error -101
[0827/000934.884:ERROR:ssl_client_socket_impl.cc(995)] handshake failed; returned -1, SSL error code 1, net_error -101
[0827/001134.853:ERROR:ssl_client_socket_impl.cc(995)] handshake failed; returned -1, SSL error code 1, net_error -101
[0827/001134.880:ERROR:ssl_client_socket_impl.cc(995)] handshake failed; returned -1, SSL error code 1, net_error -101
[0827/001334.844:ERROR:ssl_client_socket_impl.cc(995)] handshake failed; returned -1, SSL error code 1, net_error -101
[0827/001334.875:ERROR:ssl_client_socket_impl.cc(995)] handshake failed; returned -1, SSL error code 1, net_error -101
[0827/001534.831:ERROR:ssl_client_socket_impl.cc(995)] handshake failed; returned -1, SSL error code 1, net_error -101
[0827/001534.861:ERROR:ssl_client_socket_impl.cc(995)] handshake failed; returned -1, SSL error code 1, net_error -101
[0827/001734.869:ERROR:ssl_client_socket_impl.cc(995)] handshake failed; returned -1, SSL error code 1, net_error -101
[0827/001734.898:ERROR:ssl_client_socket_impl.cc(995)] handshake failed; returned -1, SSL error code 1, net_error -101
[0827/001934.868:ERROR:ssl_client_socket_impl.cc(995)] handshake failed; returned -1, SSL error code 1, net_error -101
[0827/001934.899:ERROR:ssl_client_socket_impl.cc(995)] handshake failed; returned -1, SSL error code 1, net_error -101
[0827/002134.862:ERROR:ssl_client_socket_impl.cc(995)] handshake failed; returned -1, SSL error code 1, net_error -101
[0827/002134.893:ERROR:ssl_client_socket_impl.cc(995)] handshake failed; returned -1, SSL error code 1, net_error -101
[0827/002334.930:ERROR:ssl_client_socket_impl.cc(995)] handshake failed; returned -1, SSL error code 1, net_error -101
[0827/002334.961:ERROR:ssl_client_socket_impl.cc(995)] handshake failed; returned -1, SSL error code 1, net_error -101
[0827/002534.869:ERROR:ssl_client_socket_impl.cc(995)] handshake failed; returned -1, SSL error code 1, net_error -101
[0827/002534.896:ERROR:ssl_client_socket_impl.cc(995)] handshake failed; returned -1, SSL error code 1, net_error -101
[0827/002734.871:ERROR:ssl_client_socket_impl.cc(995)] handshake failed; returned -1, SSL error code 1, net_error -101
[0827/002734.899:ERROR:ssl_client_socket_impl.cc(995)] handshake failed; returned -1, SSL error code 1, net_error -101
[0827/002934.870:ERROR:ssl_client_socket_impl.cc(995)] handshake failed; returned -1, SSL error code 1, net_error -101
[0827/002934.914:ERROR:ssl_client_socket_impl.cc(995)] handshake failed; returned -1, SSL error code 1, net_error -101
[0827/003134.867:ERROR:ssl_client_socket_impl.cc(995)] handshake failed; returned -1, SSL error code 1, net_error -101
[0827/003134.896:ERROR:ssl_client_socket_impl.cc(995)] handshake failed; returned -1, SSL error code 1, net_error -101
[0827/003334.873:ERROR:ssl_client_socket_impl.cc(995)] handshake failed; returned -1, SSL error code 1, net_error -101
[0827/003334.899:ERROR:ssl_client_socket_impl.cc(995)] handshake failed; returned -1, SSL error code 1, net_error -101
[0827/003534.868:ERROR:ssl_client_socket_impl.cc(995)] handshake failed; returned -1, SSL error code 1, net_error -101
[0827/003534.901:ERROR:ssl_client_socket_impl.cc(995)] handshake failed; returned -1, SSL error code 1, net_error -101
[0827/003734.856:ERROR:ssl_client_socket_impl.cc(995)] handshake failed; returned -1, SSL error code 1, net_error -101
[0827/003734.886:ERROR:ssl_client_socket_impl.cc(995)] handshake failed; returned -1, SSL error code 1, net_error -101
[0827/003934.849:ERROR:ssl_client_socket_impl.cc(995)] handshake failed; returned -1, SSL error code 1, net_error -101
[0827/003934.880:ERROR:ssl_client_socket_impl.cc(995)] handshake failed; returned -1, SSL error code 1, net_error -101
[0827/004134.843:ERROR:ssl_client_socket_impl.cc(995)] handshake failed; returned -1, SSL error code 1, net_error -101
[0827/004134.874:ERROR:ssl_client_socket_impl.cc(995)] handshake failed; returned -1, SSL error code 1, net_error -101
[0827/004334.837:ERROR:ssl_client_socket_impl.cc(995)] handshake failed; returned -1, SSL error code 1, net_error -101
[0827/004334.865:ERROR:ssl_client_socket_impl.cc(995)] handshake failed; returned -1, SSL error code 1, net_error -101
[0827/004534.828:ERROR:ssl_client_socket_impl.cc(995)] handshake failed; returned -1, SSL error code 1, net_error -101
[0827/004534.861:ERROR:ssl_client_socket_impl.cc(995)] handshake failed; returned -1, SSL error code 1, net_error -101
[0827/004734.817:ERROR:ssl_client_socket_impl.cc(995)] handshake failed; returned -1, SSL error code 1, net_error -101
[0827/004734.849:ERROR:ssl_client_socket_impl.cc(995)] handshake failed; returned -1, SSL error code 1, net_error -101
[0827/004934.817:ERROR:ssl_client_socket_impl.cc(995)] handshake failed; returned -1, SSL error code 1, net_error -101
[0827/004934.844:ERROR:ssl_client_socket_impl.cc(995)] handshake failed; returned -1, SSL error code 1, net_error -101
[0827/005134.843:ERROR:ssl_client_socket_impl.cc(995)] handshake failed; returned -1, SSL error code 1, net_error -101
[0827/005134.870:ERROR:ssl_client_socket_impl.cc(995)] handshake failed; returned -1, SSL error code 1, net_error -101
[0827/005334.847:ERROR:ssl_client_socket_impl.cc(995)] handshake failed; returned -1, SSL error code 1, net_error -101
[0827/005334.876:ERROR:ssl_client_socket_impl.cc(995)] handshake failed; returned -1, SSL error code 1, net_error -101
[0827/005534.844:ERROR:ssl_client_socket_impl.cc(995)] handshake failed; returned -1, SSL error code 1, net_error -101
[0827/005534.872:ERROR:ssl_client_socket_impl.cc(995)] handshake failed; returned -1, SSL error code 1, net_error -101
[0827/005734.846:ERROR:ssl_client_socket_impl.cc(995)] handshake failed; returned -1, SSL error code 1, net_error -101
[0827/005734.873:ERROR:ssl_client_socket_impl.cc(995)] handshake failed; returned -1, SSL error code 1, net_error -101
[0827/005934.841:ERROR:ssl_client_socket_impl.cc(995)] handshake failed; returned -1, SSL error code 1, net_error -101
[0827/005934.873:ERROR:ssl_client_socket_impl.cc(995)] handshake failed; returned -1, SSL error code 1, net_error -101
[0827/010134.846:ERROR:ssl_client_socket_impl.cc(995)] handshake failed; returned -1, SSL error code 1, net_error -101
[0827/010134.873:ERROR:ssl_client_socket_impl.cc(995)] handshake failed; returned -1, SSL error code 1, net_error -101
[0827/010334.846:ERROR:ssl_client_socket_impl.cc(995)] handshake failed; returned -1, SSL error code 1, net_error -101
[0827/010334.876:ERROR:ssl_client_socket_impl.cc(995)] handshake failed; returned -1, SSL error code 1, net_error -101
[0827/010534.850:ERROR:ssl_client_socket_impl.cc(995)] handshake failed; returned -1, SSL error code 1, net_error -101
[0827/010534.879:ERROR:ssl_client_socket_impl.cc(995)] handshake failed; returned -1, SSL error code 1, net_error -101
[0827/010734.846:ERROR:ssl_client_socket_impl.cc(995)] handshake failed; returned -1, SSL error code 1, net_error -101
[0827/010734.875:ERROR:ssl_client_socket_impl.cc(995)] handshake failed; returned -1, SSL error code 1, net_error -101
[0827/010934.838:ERROR:ssl_client_socket_impl.cc(995)] handshake failed; returned -1, SSL error code 1, net_error -101
[0827/010934.867:ERROR:ssl_client_socket_impl.cc(995)] handshake failed; returned -1, SSL error code 1, net_error -101
[0827/011134.839:ERROR:ssl_client_socket_impl.cc(995)] handshake failed; returned -1, SSL error code 1, net_error -101
[0827/011134.866:ERROR:ssl_client_socket_impl.cc(995)] handshake failed; returned -1, SSL error code 1, net_error -101
[0827/011334.828:ERROR:ssl_client_socket_impl.cc(995)] handshake failed; returned -1, SSL error code 1, net_error -101
[0827/011334.858:ERROR:ssl_client_socket_impl.cc(995)] handshake failed; returned -1, SSL error code 1, net_error -101
[0827/011534.817:ERROR:ssl_client_socket_impl.cc(995)] handshake failed; returned -1, SSL error code 1, net_error -101
[0827/011534.843:ERROR:ssl_client_socket_impl.cc(995)] handshake failed; returned -1, SSL error code 1, net_error -101
[0827/011734.811:ERROR:ssl_client_socket_impl.cc(995)] handshake failed; returned -1, SSL error code 1, net_error -101
[0827/011734.843:ERROR:ssl_client_socket_impl.cc(995)] handshake failed; returned -1, SSL error code 1, net_error -101
[0827/011934.802:ERROR:ssl_client_socket_impl.cc(995)] handshake failed; returned -1, SSL error code 1, net_error -101
[0827/011934.831:ERROR:ssl_client_socket_impl.cc(995)] handshake failed; returned -1, SSL error code 1, net_error -101
[0827/012134.795:ERROR:ssl_client_socket_impl.cc(995)] handshake failed; returned -1, SSL error code 1, net_error -101
[0827/012134.826:ERROR:ssl_client_socket_impl.cc(995)] handshake failed; returned -1, SSL error code 1, net_error -101
[0827/012334.789:ERROR:ssl_client_socket_impl.cc(995)] handshake failed; returned -1, SSL error code 1, net_error -101
[0827/012334.817:ERROR:ssl_client_socket_impl.cc(995)] handshake failed; returned -1, SSL error code 1, net_error -101
[0827/012534.819:ERROR:ssl_client_socket_impl.cc(995)] handshake failed; returned -1, SSL error code 1, net_error -101
[0827/012534.850:ERROR:ssl_client_socket_impl.cc(995)] handshake failed; returned -1, SSL error code 1, net_error -101
[0827/012734.819:ERROR:ssl_client_socket_impl.cc(995)] handshake failed; returned -1, SSL error code 1, net_error -101
[0827/012734.846:ERROR:ssl_client_socket_impl.cc(995)] handshake failed; returned -1, SSL error code 1, net_error -101
[0827/012934.825:ERROR:ssl_client_socket_impl.cc(995)] handshake failed; returned -1, SSL error code 1, net_error -101
[0827/012934.855:ERROR:ssl_client_socket_impl.cc(995)] handshake failed; returned -1, SSL error code 1, net_error -101
[0827/013134.829:ERROR:ssl_client_socket_impl.cc(995)] handshake failed; returned -1, SSL error code 1, net_error -101
[0827/013134.858:ERROR:ssl_client_socket_impl.cc(995)] handshake failed; returned -1, SSL error code 1, net_error -101
[0827/013334.825:ERROR:ssl_client_socket_impl.cc(995)] handshake failed; returned -1, SSL error code 1, net_error -101
[0827/013334.852:ERROR:ssl_client_socket_impl.cc(995)] handshake failed; returned -1, SSL error code 1, net_error -101
[0827/013534.823:ERROR:ssl_client_socket_impl.cc(995)] handshake failed; returned -1, SSL error code 1, net_error -101
[0827/013534.852:ERROR:ssl_client_socket_impl.cc(995)] handshake failed; returned -1, SSL error code 1, net_error -101
[0827/013734.824:ERROR:ssl_client_socket_impl.cc(995)] handshake failed; returned -1, SSL error code 1, net_error -101
[0827/013734.855:ERROR:ssl_client_socket_impl.cc(995)] handshake failed; returned -1, SSL error code 1, net_error -101
[0827/013934.820:ERROR:ssl_client_socket_impl.cc(995)] handshake failed; returned -1, SSL error code 1, net_error -101
[0827/013934.849:ERROR:ssl_client_socket_impl.cc(995)] handshake failed; returned -1, SSL error code 1, net_error -101
[0827/014134.822:ERROR:ssl_client_socket_impl.cc(995)] handshake failed; returned -1, SSL error code 1, net_error -101
[0827/014134.849:ERROR:ssl_client_socket_impl.cc(995)] handshake failed; returned -1, SSL error code 1, net_error -101
[0827/014334.816:ERROR:ssl_client_socket_impl.cc(995)] handshake failed; returned -1, SSL error code 1, net_error -101
[0827/014334.844:ERROR:ssl_client_socket_impl.cc(995)] handshake failed; returned -1, SSL error code 1, net_error -101
[0827/014534.808:ERROR:ssl_client_socket_impl.cc(995)] handshake failed; returned -1, SSL error code 1, net_error -101
[0827/014534.836:ERROR:ssl_client_socket_impl.cc(995)] handshake failed; returned -1, SSL error code 1, net_error -101
[0827/014734.803:ERROR:ssl_client_socket_impl.cc(995)] handshake failed; returned -1, SSL error code 1, net_error -101
[0827/014734.833:ERROR:ssl_client_socket_impl.cc(995)] handshake failed; returned -1, SSL error code 1, net_error -101
[0827/014934.800:ERROR:ssl_client_socket_impl.cc(995)] handshake failed; returned -1, SSL error code 1, net_error -101
[0827/014934.832:ERROR:ssl_client_socket_impl.cc(995)] handshake failed; returned -1, SSL error code 1, net_error -101
[0827/015134.784:ERROR:ssl_client_socket_impl.cc(995)] handshake failed; returned -1, SSL error code 1, net_error -101
[0827/015134.812:ERROR:ssl_client_socket_impl.cc(995)] handshake failed; returned -1, SSL error code 1, net_error -101
[0827/015334.777:ERROR:ssl_client_socket_impl.cc(995)] handshake failed; returned -1, SSL error code 1, net_error -101
[0827/015334.805:ERROR:ssl_client_socket_impl.cc(995)] handshake failed; returned -1, SSL error code 1, net_error -101
[0827/015534.766:ERROR:ssl_client_socket_impl.cc(995)] handshake failed; returned -1, SSL error code 1, net_error -101
[0827/015534.794:ERROR:ssl_client_socket_impl.cc(995)] handshake failed; returned -1, SSL error code 1, net_error -101
[0827/015734.760:ERROR:ssl_client_socket_impl.cc(995)] handshake failed; returned -1, SSL error code 1, net_error -101
[0827/015734.787:ERROR:ssl_client_socket_impl.cc(995)] handshake failed; returned -1, SSL error code 1, net_error -101
[0827/015934.806:ERROR:ssl_client_socket_impl.cc(995)] handshake failed; returned -1, SSL error code 1, net_error -101
[0827/015934.837:ERROR:ssl_client_socket_impl.cc(995)] handshake failed; returned -1, SSL error code 1, net_error -101
[0827/020134.792:ERROR:ssl_client_socket_impl.cc(995)] handshake failed; returned -1, SSL error code 1, net_error -101
[0827/020134.823:ERROR:ssl_client_socket_impl.cc(995)] handshake failed; returned -1, SSL error code 1, net_error -101
[0827/020334.795:ERROR:ssl_client_socket_impl.cc(995)] handshake failed; returned -1, SSL error code 1, net_error -101
[0827/020334.824:ERROR:ssl_client_socket_impl.cc(995)] handshake failed; returned -1, SSL error code 1, net_error -101
[0827/020534.797:ERROR:ssl_client_socket_impl.cc(995)] handshake failed; returned -1, SSL error code 1, net_error -101
[0827/020534.824:ERROR:ssl_client_socket_impl.cc(995)] handshake failed; returned -1, SSL error code 1, net_error -101
[0827/020734.799:ERROR:ssl_client_socket_impl.cc(995)] handshake failed; returned -1, SSL error code 1, net_error -101
[0827/020734.827:ERROR:ssl_client_socket_impl.cc(995)] handshake failed; returned -1, SSL error code 1, net_error -101
[0827/020934.797:ERROR:ssl_client_socket_impl.cc(995)] handshake failed; returned -1, SSL error code 1, net_error -101
[0827/020934.828:ERROR:ssl_client_socket_impl.cc(995)] handshake failed; returned -1, SSL error code 1, net_error -101
[0827/021134.799:ERROR:ssl_client_socket_impl.cc(995)] handshake failed; returned -1, SSL error code 1, net_error -101
[0827/021134.829:ERROR:ssl_client_socket_impl.cc(995)] handshake failed; returned -1, SSL error code 1, net_error -101
[0827/021334.801:ERROR:ssl_client_socket_impl.cc(995)] handshake failed; returned -1, SSL error code 1, net_error -101
[0827/021334.828:ERROR:ssl_client_socket_impl.cc(995)] handshake failed; returned -1, SSL error code 1, net_error -101
[0827/021534.809:ERROR:ssl_client_socket_impl.cc(995)] handshake failed; returned -1, SSL error code 1, net_error -101
[0827/021534.838:ERROR:ssl_client_socket_impl.cc(995)] handshake failed; returned -1, SSL error code 1, net_error -101
[0827/021734.794:ERROR:ssl_client_socket_impl.cc(995)] handshake failed; returned -1, SSL error code 1, net_error -101
[0827/021734.822:ERROR:ssl_client_socket_impl.cc(995)] handshake failed; returned -1, SSL error code 1, net_error -101
[0827/021934.790:ERROR:ssl_client_socket_impl.cc(995)] handshake failed; returned -1, SSL error code 1, net_error -101
[0827/021934.820:ERROR:ssl_client_socket_impl.cc(995)] handshake failed; returned -1, SSL error code 1, net_error -101
[0827/022134.783:ERROR:ssl_client_socket_impl.cc(995)] handshake failed; returned -1, SSL error code 1, net_error -101
[0827/022134.814:ERROR:ssl_client_socket_impl.cc(995)] handshake failed; returned -1, SSL error code 1, net_error -101
[0827/022334.800:ERROR:ssl_client_socket_impl.cc(995)] handshake failed; returned -1, SSL error code 1, net_error -101
[0827/022334.825:ERROR:ssl_client_socket_impl.cc(995)] handshake failed; returned -1, SSL error code 1, net_error -101
[0827/022534.768:ERROR:ssl_client_socket_impl.cc(995)] handshake failed; returned -1, SSL error code 1, net_error -101
[0827/022534.795:ERROR:ssl_client_socket_impl.cc(995)] handshake failed; returned -1, SSL error code 1, net_error -101
[0827/022734.764:ERROR:ssl_client_socket_impl.cc(995)] handshake failed; returned -1, SSL error code 1, net_error -101
[0827/022734.794:ERROR:ssl_client_socket_impl.cc(995)] handshake failed; returned -1, SSL error code 1, net_error -101
[0827/022934.753:ERROR:ssl_client_socket_impl.cc(995)] handshake failed; returned -1, SSL error code 1, net_error -101
[0827/022934.783:ERROR:ssl_client_socket_impl.cc(995)] handshake failed; returned -1, SSL error code 1, net_error -101
[0827/023134.749:ERROR:ssl_client_socket_impl.cc(995)] handshake failed; returned -1, SSL error code 1, net_error -101
[0827/023134.776:ERROR:ssl_client_socket_impl.cc(995)] handshake failed; returned -1, SSL error code 1, net_error -101
[0827/023334.773:ERROR:ssl_client_socket_impl.cc(995)] handshake failed; returned -1, SSL error code 1, net_error -101
[0827/023334.802:ERROR:ssl_client_socket_impl.cc(995)] handshake failed; returned -1, SSL error code 1, net_error -101
[0827/023534.767:ERROR:ssl_client_socket_impl.cc(995)] handshake failed; returned -1, SSL error code 1, net_error -101
[0827/023534.799:ERROR:ssl_client_socket_impl.cc(995)] handshake failed; returned -1, SSL error code 1, net_error -101
[0827/023734.778:ERROR:ssl_client_socket_impl.cc(995)] handshake failed; returned -1, SSL error code 1, net_error -101
[0827/023734.805:ERROR:ssl_client_socket_impl.cc(995)] handshake failed; returned -1, SSL error code 1, net_error -101
[0827/023934.768:ERROR:ssl_client_socket_impl.cc(995)] handshake failed; returned -1, SSL error code 1, net_error -101
[0827/023934.798:ERROR:ssl_client_socket_impl.cc(995)] handshake failed; returned -1, SSL error code 1, net_error -101
[0827/024134.769:ERROR:ssl_client_socket_impl.cc(995)] handshake failed; returned -1, SSL error code 1, net_error -101
[0827/024134.796:ERROR:ssl_client_socket_impl.cc(995)] handshake failed; returned -1, SSL error code 1, net_error -101
[0827/024334.774:ERROR:ssl_client_socket_impl.cc(995)] handshake failed; returned -1, SSL error code 1, net_error -101
[0827/024334.801:ERROR:ssl_client_socket_impl.cc(995)] handshake failed; returned -1, SSL error code 1, net_error -101
[0827/024534.774:ERROR:ssl_client_socket_impl.cc(995)] handshake failed; returned -1, SSL error code 1, net_error -101
[0827/024534.801:ERROR:ssl_client_socket_impl.cc(995)] handshake failed; returned -1, SSL error code 1, net_error -101
[0827/024734.773:ERROR:ssl_client_socket_impl.cc(995)] handshake failed; returned -1, SSL error code 1, net_error -101
[0827/024734.803:ERROR:ssl_client_socket_impl.cc(995)] handshake failed; returned -1, SSL error code 1, net_error -101
[0827/024934.771:ERROR:ssl_client_socket_impl.cc(995)] handshake failed; returned -1, SSL error code 1, net_error -101
[0827/024934.801:ERROR:ssl_client_socket_impl.cc(995)] handshake failed; returned -1, SSL error code 1, net_error -101
[0827/025134.768:ERROR:ssl_client_socket_impl.cc(995)] handshake failed; returned -1, SSL error code 1, net_error -101
[0827/025134.796:ERROR:ssl_client_socket_impl.cc(995)] handshake failed; returned -1, SSL error code 1, net_error -101
[0827/025334.762:ERROR:ssl_client_socket_impl.cc(995)] handshake failed; returned -1, SSL error code 1, net_error -101
[0827/025334.794:ERROR:ssl_client_socket_impl.cc(995)] handshake failed; returned -1, SSL error code 1, net_error -101
[0827/025534.755:ERROR:ssl_client_socket_impl.cc(995)] handshake failed; returned -1, SSL error code 1, net_error -101
[0827/025534.781:ERROR:ssl_client_socket_impl.cc(995)] handshake failed; returned -1, SSL error code 1, net_error -101
[0827/025734.747:ERROR:ssl_client_socket_impl.cc(995)] handshake failed; returned -1, SSL error code 1, net_error -101
[0827/025734.775:ERROR:ssl_client_socket_impl.cc(995)] handshake failed; returned -1, SSL error code 1, net_error -101
[0827/025934.739:ERROR:ssl_client_socket_impl.cc(995)] handshake failed; returned -1, SSL error code 1, net_error -101
[0827/025934.768:ERROR:ssl_client_socket_impl.cc(995)] handshake failed; returned -1, SSL error code 1, net_error -101
[0827/030134.732:ERROR:ssl_client_socket_impl.cc(995)] handshake failed; returned -1, SSL error code 1, net_error -101
[0827/030134.760:ERROR:ssl_client_socket_impl.cc(995)] handshake failed; returned -1, SSL error code 1, net_error -101
[0827/030334.725:ERROR:ssl_client_socket_impl.cc(995)] handshake failed; returned -1, SSL error code 1, net_error -101
[0827/030334.752:ERROR:ssl_client_socket_impl.cc(995)] handshake failed; returned -1, SSL error code 1, net_error -101
[0827/030534.718:ERROR:ssl_client_socket_impl.cc(995)] handshake failed; returned -1, SSL error code 1, net_error -101
[0827/030534.745:ERROR:ssl_client_socket_impl.cc(995)] handshake failed; returned -1, SSL error code 1, net_error -101
[0827/030734.739:ERROR:ssl_client_socket_impl.cc(995)] handshake failed; returned -1, SSL error code 1, net_error -101
[0827/030734.767:ERROR:ssl_client_socket_impl.cc(995)] handshake failed; returned -1, SSL error code 1, net_error -101
[0827/030934.742:ERROR:ssl_client_socket_impl.cc(995)] handshake failed; returned -1, SSL error code 1, net_error -101
[0827/030934.768:ERROR:ssl_client_socket_impl.cc(995)] handshake failed; returned -1, SSL error code 1, net_error -101
[0827/031134.744:ERROR:ssl_client_socket_impl.cc(995)] handshake failed; returned -1, SSL error code 1, net_error -101
[0827/031134.774:ERROR:ssl_client_socket_impl.cc(995)] handshake failed; returned -1, SSL error code 1, net_error -101
[0827/031334.744:ERROR:ssl_client_socket_impl.cc(995)] handshake failed; returned -1, SSL error code 1, net_error -101
[0827/031334.773:ERROR:ssl_client_socket_impl.cc(995)] handshake failed; returned -1, SSL error code 1, net_error -101
[0827/031534.749:ERROR:ssl_client_socket_impl.cc(995)] handshake failed; returned -1, SSL error code 1, net_error -101
[0827/031534.781:ERROR:ssl_client_socket_impl.cc(995)] handshake failed; returned -1, SSL error code 1, net_error -101
[0827/031734.744:ERROR:ssl_client_socket_impl.cc(995)] handshake failed; returned -1, SSL error code 1, net_error -101
[0827/031734.773:ERROR:ssl_client_socket_impl.cc(995)] handshake failed; returned -1, SSL error code 1, net_error -101
[0827/031934.751:ERROR:ssl_client_socket_impl.cc(995)] handshake failed; returned -1, SSL error code 1, net_error -101
[0827/031934.782:ERROR:ssl_client_socket_impl.cc(995)] handshake failed; returned -1, SSL error code 1, net_error -101
[0827/032134.746:ERROR:ssl_client_socket_impl.cc(995)] handshake failed; returned -1, SSL error code 1, net_error -101
[0827/032134.773:ERROR:ssl_client_socket_impl.cc(995)] handshake failed; returned -1, SSL error code 1, net_error -101
[0827/032334.750:ERROR:ssl_client_socket_impl.cc(995)] handshake failed; returned -1, SSL error code 1, net_error -101
[0827/032334.779:ERROR:ssl_client_socket_impl.cc(995)] handshake failed; returned -1, SSL error code 1, net_error -101
[0827/032534.746:ERROR:ssl_client_socket_impl.cc(995)] handshake failed; returned -1, SSL error code 1, net_error -101
[0827/032534.773:ERROR:ssl_client_socket_impl.cc(995)] handshake failed; returned -1, SSL error code 1, net_error -101
[0827/032734.735:ERROR:ssl_client_socket_impl.cc(995)] handshake failed; returned -1, SSL error code 1, net_error -101
[0827/032734.764:ERROR:ssl_client_socket_impl.cc(995)] handshake failed; returned -1, SSL error code 1, net_error -101
[0827/032934.732:ERROR:ssl_client_socket_impl.cc(995)] handshake failed; returned -1, SSL error code 1, net_error -101
[0827/032934.762:ERROR:ssl_client_socket_impl.cc(995)] handshake failed; returned -1, SSL error code 1, net_error -101
[0827/033134.724:ERROR:ssl_client_socket_impl.cc(995)] handshake failed; returned -1, SSL error code 1, net_error -101
[0827/033134.751:ERROR:ssl_client_socket_impl.cc(995)] handshake failed; returned -1, SSL error code 1, net_error -101
[0827/033334.714:ERROR:ssl_client_socket_impl.cc(995)] handshake failed; returned -1, SSL error code 1, net_error -101
[0827/033334.741:ERROR:ssl_client_socket_impl.cc(995)] handshake failed; returned -1, SSL error code 1, net_error -101
[0827/033534.703:ERROR:ssl_client_socket_impl.cc(995)] handshake failed; returned -1, SSL error code 1, net_error -101
[0827/033534.733:ERROR:ssl_client_socket_impl.cc(995)] handshake failed; returned -1, SSL error code 1, net_error -101
[0827/033734.698:ERROR:ssl_client_socket_impl.cc(995)] handshake failed; returned -1, SSL error code 1, net_error -101
[0827/033734.728:ERROR:ssl_client_socket_impl.cc(995)] handshake failed; returned -1, SSL error code 1, net_error -101
[0827/033934.685:ERROR:ssl_client_socket_impl.cc(995)] handshake failed; returned -1, SSL error code 1, net_error -101
[0827/033934.715:ERROR:ssl_client_socket_impl.cc(995)] handshake failed; returned -1, SSL error code 1, net_error -101
[0827/034134.678:ERROR:ssl_client_socket_impl.cc(995)] handshake failed; returned -1, SSL error code 1, net_error -101
[0827/034134.706:ERROR:ssl_client_socket_impl.cc(995)] handshake failed; returned -1, SSL error code 1, net_error -101
[0827/034334.721:ERROR:ssl_client_socket_impl.cc(995)] handshake failed; returned -1, SSL error code 1, net_error -101
[0827/034334.749:ERROR:ssl_client_socket_impl.cc(995)] handshake failed; returned -1, SSL error code 1, net_error -101
[0827/034534.715:ERROR:ssl_client_socket_impl.cc(995)] handshake failed; returned -1, SSL error code 1, net_error -101
[0827/034534.743:ERROR:ssl_client_socket_impl.cc(995)] handshake failed; returned -1, SSL error code 1, net_error -101
[0827/034734.731:ERROR:ssl_client_socket_impl.cc(995)] handshake failed; returned -1, SSL error code 1, net_error -101
[0827/034734.763:ERROR:ssl_client_socket_impl.cc(995)] handshake failed; returned -1, SSL error code 1, net_error -101
[0827/034934.723:ERROR:ssl_client_socket_impl.cc(995)] handshake failed; returned -1, SSL error code 1, net_error -101
[0827/034934.755:ERROR:ssl_client_socket_impl.cc(995)] handshake failed; returned -1, SSL error code 1, net_error -101
[0827/035134.721:ERROR:ssl_client_socket_impl.cc(995)] handshake failed; returned -1, SSL error code 1, net_error -101
[0827/035134.751:ERROR:ssl_client_socket_impl.cc(995)] handshake failed; returned -1, SSL error code 1, net_error -101
[0827/035334.720:ERROR:ssl_client_socket_impl.cc(995)] handshake failed; returned -1, SSL error code 1, net_error -101
[0827/035334.751:ERROR:ssl_client_socket_impl.cc(995)] handshake failed; returned -1, SSL error code 1, net_error -101
[0827/035534.722:ERROR:ssl_client_socket_impl.cc(995)] handshake failed; returned -1, SSL error code 1, net_error -101
[0827/035540.754:ERROR:ssl_client_socket_impl.cc(995)] handshake failed; returned -1, SSL error code 1, net_error -101
[0827/035540.783:ERROR:ssl_client_socket_impl.cc(995)] handshake failed; returned -1, SSL error code 1, net_error -101
[0827/035549.773:ERROR:ssl_client_socket_impl.cc(995)] handshake failed; returned -1, SSL error code 1, net_error -101
[0827/035550.004:ERROR:ssl_client_socket_impl.cc(995)] handshake failed; returned -1, SSL error code 1, net_error -101
[0827/035550.036:ERROR:ssl_client_socket_impl.cc(995)] handshake failed; returned -1, SSL error code 1, net_error -101
[0827/035734.726:ERROR:ssl_client_socket_impl.cc(995)] handshake failed; returned -1, SSL error code 1, net_error -101
[0827/035734.758:ERROR:ssl_client_socket_impl.cc(995)] handshake failed; returned -1, SSL error code 1, net_error -101
[0827/035934.718:ERROR:ssl_client_socket_impl.cc(995)] handshake failed; returned -1, SSL error code 1, net_error -101
[0827/035934.747:ERROR:ssl_client_socket_impl.cc(995)] handshake failed; returned -1, SSL error code 1, net_error -101
[0827/040134.711:ERROR:ssl_client_socket_impl.cc(995)] handshake failed; returned -1, SSL error code 1, net_error -101
[0827/040134.737:ERROR:ssl_client_socket_impl.cc(995)] handshake failed; returned -1, SSL error code 1, net_error -101
[0827/040334.711:ERROR:ssl_client_socket_impl.cc(995)] handshake failed; returned -1, SSL error code 1, net_error -101
[0827/040334.740:ERROR:ssl_client_socket_impl.cc(995)] handshake failed; returned -1, SSL error code 1, net_error -101
[0827/040534.697:ERROR:ssl_client_socket_impl.cc(995)] handshake failed; returned -1, SSL error code 1, net_error -101
[0827/040534.726:ERROR:ssl_client_socket_impl.cc(995)] handshake failed; returned -1, SSL error code 1, net_error -101
[0827/040734.692:ERROR:ssl_client_socket_impl.cc(995)] handshake failed; returned -1, SSL error code 1, net_error -101
[0827/040734.723:ERROR:ssl_client_socket_impl.cc(995)] handshake failed; returned -1, SSL error code 1, net_error -101
[0827/040935.141:ERROR:ssl_client_socket_impl.cc(995)] handshake failed; returned -1, SSL error code 1, net_error -101
[0827/040935.173:ERROR:ssl_client_socket_impl.cc(995)] handshake failed; returned -1, SSL error code 1, net_error -101
[0827/040938.210:ERROR:ssl_client_socket_impl.cc(995)] handshake failed; returned -1, SSL error code 1, net_error -101
[0827/040938.241:ERROR:ssl_client_socket_impl.cc(995)] handshake failed; returned -1, SSL error code 1, net_error -101
[0827/041134.675:ERROR:ssl_client_socket_impl.cc(995)] handshake failed; returned -1, SSL error code 1, net_error -101
[0827/041134.706:ERROR:ssl_client_socket_impl.cc(995)] handshake failed; returned -1, SSL error code 1, net_error -101
[0827/041334.668:ERROR:ssl_client_socket_impl.cc(995)] handshake failed; returned -1, SSL error code 1, net_error -101
[0827/041334.695:ERROR:ssl_client_socket_impl.cc(995)] handshake failed; returned -1, SSL error code 1, net_error -101
[0827/041534.660:ERROR:ssl_client_socket_impl.cc(995)] handshake failed; returned -1, SSL error code 1, net_error -101
[0827/041534.695:ERROR:ssl_client_socket_impl.cc(995)] handshake failed; returned -1, SSL error code 1, net_error -101
[0827/041734.694:ERROR:ssl_client_socket_impl.cc(995)] handshake failed; returned -1, SSL error code 1, net_error -101
[0827/041734.719:ERROR:ssl_client_socket_impl.cc(995)] handshake failed; returned -1, SSL error code 1, net_error -101
[0827/041934.691:ERROR:ssl_client_socket_impl.cc(995)] handshake failed; returned -1, SSL error code 1, net_error -101
[0827/041934.717:ERROR:ssl_client_socket_impl.cc(995)] handshake failed; returned -1, SSL error code 1, net_error -101
[0827/042134.694:ERROR:ssl_client_socket_impl.cc(995)] handshake failed; returned -1, SSL error code 1, net_error -101
[0827/042134.725:ERROR:ssl_client_socket_impl.cc(995)] handshake failed; returned -1, SSL error code 1, net_error -101
[0827/042334.696:ERROR:ssl_client_socket_impl.cc(995)] handshake failed; returned -1, SSL error code 1, net_error -101
[0827/042334.724:ERROR:ssl_client_socket_impl.cc(995)] handshake failed; returned -1, SSL error code 1, net_error -101
[0827/042534.694:ERROR:ssl_client_socket_impl.cc(995)] handshake failed; returned -1, SSL error code 1, net_error -101
[0827/042534.722:ERROR:ssl_client_socket_impl.cc(995)] handshake failed; returned -1, SSL error code 1, net_error -101
[0827/042734.697:ERROR:ssl_client_socket_impl.cc(995)] handshake failed; returned -1, SSL error code 1, net_error -101
[0827/042734.725:ERROR:ssl_client_socket_impl.cc(995)] handshake failed; returned -1, SSL error code 1, net_error -101
[0827/042934.692:ERROR:ssl_client_socket_impl.cc(995)] handshake failed; returned -1, SSL error code 1, net_error -101
[0827/042934.721:ERROR:ssl_client_socket_impl.cc(995)] handshake failed; returned -1, SSL error code 1, net_error -101
[0827/043134.694:ERROR:ssl_client_socket_impl.cc(995)] handshake failed; returned -1, SSL error code 1, net_error -101
[0827/043134.727:ERROR:ssl_client_socket_impl.cc(995)] handshake failed; returned -1, SSL error code 1, net_error -101
[0827/043334.692:ERROR:ssl_client_socket_impl.cc(995)] handshake failed; returned -1, SSL error code 1, net_error -101
[0827/043334.721:ERROR:ssl_client_socket_impl.cc(995)] handshake failed; returned -1, SSL error code 1, net_error -101
[0827/043534.683:ERROR:ssl_client_socket_impl.cc(995)] handshake failed; returned -1, SSL error code 1, net_error -101
[0827/043534.708:ERROR:ssl_client_socket_impl.cc(995)] handshake failed; returned -1, SSL error code 1, net_error -101
[0827/043734.680:ERROR:ssl_client_socket_impl.cc(995)] handshake failed; returned -1, SSL error code 1, net_error -101
[0827/043734.708:ERROR:ssl_client_socket_impl.cc(995)] handshake failed; returned -1, SSL error code 1, net_error -101
[0827/043934.670:ERROR:ssl_client_socket_impl.cc(995)] handshake failed; returned -1, SSL error code 1, net_error -101
[0827/043934.702:ERROR:ssl_client_socket_impl.cc(995)] handshake failed; returned -1, SSL error code 1, net_error -101
[0827/044134.924:ERROR:ssl_client_socket_impl.cc(995)] handshake failed; returned -1, SSL error code 1, net_error -101
[0827/044134.951:ERROR:ssl_client_socket_impl.cc(995)] handshake failed; returned -1, SSL error code 1, net_error -101
[0827/044138.056:ERROR:ssl_client_socket_impl.cc(995)] handshake failed; returned -1, SSL error code 1, net_error -101
[0827/044138.084:ERROR:ssl_client_socket_impl.cc(995)] handshake failed; returned -1, SSL error code 1, net_error -101
[0827/044141.677:ERROR:ssl_client_socket_impl.cc(995)] handshake failed; returned -1, SSL error code 1, net_error -101
[0827/044141.708:ERROR:ssl_client_socket_impl.cc(995)] handshake failed; returned -1, SSL error code 1, net_error -101
[0827/044334.654:ERROR:ssl_client_socket_impl.cc(995)] handshake failed; returned -1, SSL error code 1, net_error -101
[0827/044334.680:ERROR:ssl_client_socket_impl.cc(995)] handshake failed; returned -1, SSL error code 1, net_error -101
[0827/044534.645:ERROR:ssl_client_socket_impl.cc(995)] handshake failed; returned -1, SSL error code 1, net_error -101
[0827/044534.671:ERROR:ssl_client_socket_impl.cc(995)] handshake failed; returned -1, SSL error code 1, net_error -101
[0827/044735.647:ERROR:ssl_client_socket_impl.cc(995)] handshake failed; returned -1, SSL error code 1, net_error -101
[0827/044735.678:ERROR:ssl_client_socket_impl.cc(995)] handshake failed; returned -1, SSL error code 1, net_error -101
[0827/044738.711:ERROR:ssl_client_socket_impl.cc(995)] handshake failed; returned -1, SSL error code 1, net_error -101
[0827/044738.739:ERROR:ssl_client_socket_impl.cc(995)] handshake failed; returned -1, SSL error code 1, net_error -101
[0827/044934.624:ERROR:ssl_client_socket_impl.cc(995)] handshake failed; returned -1, SSL error code 1, net_error -101
[0827/044934.651:ERROR:ssl_client_socket_impl.cc(995)] handshake failed; returned -1, SSL error code 1, net_error -101
[0827/045134.666:ERROR:ssl_client_socket_impl.cc(995)] handshake failed; returned -1, SSL error code 1, net_error -101
[0827/045134.696:ERROR:ssl_client_socket_impl.cc(995)] handshake failed; returned -1, SSL error code 1, net_error -101
[0827/045334.666:ERROR:ssl_client_socket_impl.cc(995)] handshake failed; returned -1, SSL error code 1, net_error -101
[0827/045334.693:ERROR:ssl_client_socket_impl.cc(995)] handshake failed; returned -1, SSL error code 1, net_error -101
[0827/045534.667:ERROR:ssl_client_socket_impl.cc(995)] handshake failed; returned -1, SSL error code 1, net_error -101
[0827/045534.693:ERROR:ssl_client_socket_impl.cc(995)] handshake failed; returned -1, SSL error code 1, net_error -101
[0827/045734.666:ERROR:ssl_client_socket_impl.cc(995)] handshake failed; returned -1, SSL error code 1, net_error -101
[0827/045734.699:ERROR:ssl_client_socket_impl.cc(995)] handshake failed; returned -1, SSL error code 1, net_error -101
[0827/045937.912:ERROR:ssl_client_socket_impl.cc(995)] handshake failed; returned -1, SSL error code 1, net_error -101
[0827/045937.941:ERROR:ssl_client_socket_impl.cc(995)] handshake failed; returned -1, SSL error code 1, net_error -101
[0827/045941.685:ERROR:ssl_client_socket_impl.cc(995)] handshake failed; returned -1, SSL error code 1, net_error -101
[0827/045941.716:ERROR:ssl_client_socket_impl.cc(995)] handshake failed; returned -1, SSL error code 1, net_error -101
[0827/050134.669:ERROR:ssl_client_socket_impl.cc(995)] handshake failed; returned -1, SSL error code 1, net_error -101
[0827/050134.700:ERROR:ssl_client_socket_impl.cc(995)] handshake failed; returned -1, SSL error code 1, net_error -101
[0827/050334.672:ERROR:ssl_client_socket_impl.cc(995)] handshake failed; returned -1, SSL error code 1, net_error -101
[0827/050334.700:ERROR:ssl_client_socket_impl.cc(995)] handshake failed; returned -1, SSL error code 1, net_error -101
[0827/050534.671:ERROR:ssl_client_socket_impl.cc(995)] handshake failed; returned -1, SSL error code 1, net_error -101
[0827/050534.698:ERROR:ssl_client_socket_impl.cc(995)] handshake failed; returned -1, SSL error code 1, net_error -101
[0827/050734.666:ERROR:ssl_client_socket_impl.cc(995)] handshake failed; returned -1, SSL error code 1, net_error -101
[0827/050734.694:ERROR:ssl_client_socket_impl.cc(995)] handshake failed; returned -1, SSL error code 1, net_error -101
[0827/050934.669:ERROR:ssl_client_socket_impl.cc(995)] handshake failed; returned -1, SSL error code 1, net_error -101
[0827/050934.695:ERROR:ssl_client_socket_impl.cc(995)] handshake failed; returned -1, SSL error code 1, net_error -101
[0827/051134.655:ERROR:ssl_client_socket_impl.cc(995)] handshake failed; returned -1, SSL error code 1, net_error -101
[0827/051134.682:ERROR:ssl_client_socket_impl.cc(995)] handshake failed; returned -1, SSL error code 1, net_error -101
[0827/051334.650:ERROR:ssl_client_socket_impl.cc(995)] handshake failed; returned -1, SSL error code 1, net_error -101
[0827/051334.683:ERROR:ssl_client_socket_impl.cc(995)] handshake failed; returned -1, SSL error code 1, net_error -101
[0827/051534.643:ERROR:ssl_client_socket_impl.cc(995)] handshake failed; returned -1, SSL error code 1, net_error -101
[0827/051534.670:ERROR:ssl_client_socket_impl.cc(995)] handshake failed; returned -1, SSL error code 1, net_error -101
[0827/051734.630:ERROR:ssl_client_socket_impl.cc(995)] handshake failed; returned -1, SSL error code 1, net_error -101
[0827/051734.658:ERROR:ssl_client_socket_impl.cc(995)] handshake failed; returned -1, SSL error code 1, net_error -101
[0827/051934.626:ERROR:ssl_client_socket_impl.cc(995)] handshake failed; returned -1, SSL error code 1, net_error -101
[0827/051934.655:ERROR:ssl_client_socket_impl.cc(995)] handshake failed; returned -1, SSL error code 1, net_error -101
[0827/052134.613:ERROR:ssl_client_socket_impl.cc(995)] handshake failed; returned -1, SSL error code 1, net_error -101
[0827/052134.643:ERROR:ssl_client_socket_impl.cc(995)] handshake failed; returned -1, SSL error code 1, net_error -101
[0827/052334.612:ERROR:ssl_client_socket_impl.cc(995)] handshake failed; returned -1, SSL error code 1, net_error -101
[0827/052334.638:ERROR:ssl_client_socket_impl.cc(995)] handshake failed; returned -1, SSL error code 1, net_error -101
[0827/052534.656:ERROR:ssl_client_socket_impl.cc(995)] handshake failed; returned -1, SSL error code 1, net_error -101
[0827/052534.688:ERROR:ssl_client_socket_impl.cc(995)] handshake failed; returned -1, SSL error code 1, net_error -101
[0827/052734.641:ERROR:ssl_client_socket_impl.cc(995)] handshake failed; returned -1, SSL error code 1, net_error -101
[0827/052734.670:ERROR:ssl_client_socket_impl.cc(995)] handshake failed; returned -1, SSL error code 1, net_error -101
[0827/052934.638:ERROR:ssl_client_socket_impl.cc(995)] handshake failed; returned -1, SSL error code 1, net_error -101
[0827/052934.663:ERROR:ssl_client_socket_impl.cc(995)] handshake failed; returned -1, SSL error code 1, net_error -101
[0827/053134.641:ERROR:ssl_client_socket_impl.cc(995)] handshake failed; returned -1, SSL error code 1, net_error -101
[0827/053134.667:ERROR:ssl_client_socket_impl.cc(995)] handshake failed; returned -1, SSL error code 1, net_error -101
[0827/053334.646:ERROR:ssl_client_socket_impl.cc(995)] handshake failed; returned -1, SSL error code 1, net_error -101
[0827/053334.674:ERROR:ssl_client_socket_impl.cc(995)] handshake failed; returned -1, SSL error code 1, net_error -101
[0827/053534.648:ERROR:ssl_client_socket_impl.cc(995)] handshake failed; returned -1, SSL error code 1, net_error -101
[0827/053534.677:ERROR:ssl_client_socket_impl.cc(995)] handshake failed; returned -1, SSL error code 1, net_error -101
[0827/053734.644:ERROR:ssl_client_socket_impl.cc(995)] handshake failed; returned -1, SSL error code 1, net_error -101
[0827/053734.673:ERROR:ssl_client_socket_impl.cc(995)] handshake failed; returned -1, SSL error code 1, net_error -101
[0827/053934.641:ERROR:ssl_client_socket_impl.cc(995)] handshake failed; returned -1, SSL error code 1, net_error -101
[0827/053934.671:ERROR:ssl_client_socket_impl.cc(995)] handshake failed; returned -1, SSL error code 1, net_error -101
[0827/054134.645:ERROR:ssl_client_socket_impl.cc(995)] handshake failed; returned -1, SSL error code 1, net_error -101
[0827/054134.672:ERROR:ssl_client_socket_impl.cc(995)] handshake failed; returned -1, SSL error code 1, net_error -101
[0827/054334.637:ERROR:ssl_client_socket_impl.cc(995)] handshake failed; returned -1, SSL error code 1, net_error -101
[0827/054334.670:ERROR:ssl_client_socket_impl.cc(995)] handshake failed; returned -1, SSL error code 1, net_error -101
[0827/054534.626:ERROR:ssl_client_socket_impl.cc(995)] handshake failed; returned -1, SSL error code 1, net_error -101
[0827/054534.652:ERROR:ssl_client_socket_impl.cc(995)] handshake failed; returned -1, SSL error code 1, net_error -101
[0827/054734.618:ERROR:ssl_client_socket_impl.cc(995)] handshake failed; returned -1, SSL error code 1, net_error -101
[0827/054734.645:ERROR:ssl_client_socket_impl.cc(995)] handshake failed; returned -1, SSL error code 1, net_error -101
[0827/054934.628:ERROR:ssl_client_socket_impl.cc(995)] handshake failed; returned -1, SSL error code 1, net_error -101
[0827/054934.663:ERROR:ssl_client_socket_impl.cc(995)] handshake failed; returned -1, SSL error code 1, net_error -101
[0827/055134.617:ERROR:ssl_client_socket_impl.cc(995)] handshake failed; returned -1, SSL error code 1, net_error -101
[0827/055134.648:ERROR:ssl_client_socket_impl.cc(995)] handshake failed; returned -1, SSL error code 1, net_error -101
[0827/055334.608:ERROR:ssl_client_socket_impl.cc(995)] handshake failed; returned -1, SSL error code 1, net_error -101
[0827/055334.637:ERROR:ssl_client_socket_impl.cc(995)] handshake failed; returned -1, SSL error code 1, net_error -101
[0827/055534.589:ERROR:ssl_client_socket_impl.cc(995)] handshake failed; returned -1, SSL error code 1, net_error -101
[0827/055534.617:ERROR:ssl_client_socket_impl.cc(995)] handshake failed; returned -1, SSL error code 1, net_error -101
[0827/055734.579:ERROR:ssl_client_socket_impl.cc(995)] handshake failed; returned -1, SSL error code 1, net_error -101
[0827/055734.607:ERROR:ssl_client_socket_impl.cc(995)] handshake failed; returned -1, SSL error code 1, net_error -101
[0827/055934.612:ERROR:ssl_client_socket_impl.cc(995)] handshake failed; returned -1, SSL error code 1, net_error -101
[0827/055934.640:ERROR:ssl_client_socket_impl.cc(995)] handshake failed; returned -1, SSL error code 1, net_error -101
[1008/181950.518:ERROR:ssl_client_socket_impl.cc(995)] handshake failed; returned -1, SSL error code 1, net_error -100
[1008/181950.704:ERROR:ssl_client_socket_impl.cc(995)] handshake failed; returned -1, SSL error code 1, net_error -100
[1010/001348.287:WARNING:spdy_session.cc(3488)] Received HEADERS for invalid stream 3
[1010/001348.296:WARNING:spdy_session.cc(3488)] Received HEADERS for invalid stream 235
[1010/001348.305:WARNING:spdy_session.cc(3488)] Received HEADERS for invalid stream 63
[1010/001348.307:WARNING:spdy_session.cc(3488)] Received HEADERS for invalid stream 65
[1010/001348.307:WARNING:spdy_session.cc(3488)] Received HEADERS for invalid stream 61
[1010/001348.443:WARNING:spdy_session.cc(3488)] Received HEADERS for invalid stream 11
[1010/001348.453:WARNING:spdy_session.cc(3488)] Received HEADERS for invalid stream 13
[1010/001348.453:WARNING:spdy_session.cc(3488)] Received HEADERS for invalid stream 9
[1010/001348.502:WARNING:spdy_session.cc(3488)] Received HEADERS for invalid stream 5
[1010/001348.543:WARNING:spdy_session.cc(3488)] Received HEADERS for invalid stream 15
[1010/001348.544:WARNING:spdy_session.cc(3488)] Received HEADERS for invalid stream 17
[1010/001348.548:WARNING:spdy_session.cc(3488)] Received HEADERS for invalid stream 7
[1010/001348.590:WARNING:spdy_session.cc(3488)] Received HEADERS for invalid stream 19
[1010/001348.593:WARNING:spdy_session.cc(3488)] Received HEADERS for invalid stream 21
[1010/001348.601:WARNING:spdy_session.cc(3488)] Received HEADERS for invalid stream 25
[1010/001348.605:WARNING:spdy_session.cc(3488)] Received HEADERS for invalid stream 29
[1010/001348.612:WARNING:spdy_session.cc(3488)] Received HEADERS for invalid stream 27
[1010/001348.625:WARNING:spdy_session.cc(3488)] Received HEADERS for invalid stream 31
[1010/001348.651:WARNING:spdy_session.cc(3488)] Received HEADERS for invalid stream 23
[1010/001348.659:WARNING:spdy_session.cc(3488)] Received HEADERS for invalid stream 33
[1010/001348.668:WARNING:spdy_session.cc(3488)] Received HEADERS for invalid stream 35
[1011/003851.458:ERROR:ssl_client_socket_impl.cc(995)] handshake failed; returned -1, SSL error code 1, net_error -101
[1011/003851.766:ERROR:ssl_client_socket_impl.cc(995)] handshake failed; returned -1, SSL error code 1, net_error -101
[1011/003851.767:ERROR:ssl_client_socket_impl.cc(995)] handshake failed; returned -1, SSL error code 1, net_error -101
[1011/003851.768:ERROR:ssl_client_socket_impl.cc(995)] handshake failed; returned -1, SSL error code 1, net_error -101
[1011/003853.424:ERROR:ssl_client_socket_impl.cc(995)] handshake failed; returned -1, SSL error code 1, net_error -101
[1011/004547.408:ERROR:ssl_client_socket_impl.cc(995)] handshake failed; returned -1, SSL error code 1, net_error -101
[1011/004552.418:ERROR:ssl_client_socket_impl.cc(995)] handshake failed; returned -1, SSL error code 1, net_error -101
[1011/004613.849:ERROR:ssl_client_socket_impl.cc(995)] handshake failed; returned -1, SSL error code 1, net_error -101
[1011/004614.162:ERROR:ssl_client_socket_impl.cc(995)] handshake failed; returned -1, SSL error code 1, net_error -101
[1011/004614.164:ERROR:ssl_client_socket_impl.cc(995)] handshake failed; returned -1, SSL error code 1, net_error -101
[1011/004614.164:ERROR:ssl_client_socket_impl.cc(995)] handshake failed; returned -1, SSL error code 1, net_error -101
[1011/004626.847:ERROR:ssl_client_socket_impl.cc(995)] handshake failed; returned -1, SSL error code 1, net_error -101
[1011/004628.873:ERROR:ssl_client_socket_impl.cc(995)] handshake failed; returned -1, SSL error code 1, net_error -101
[1011/004629.008:WARNING:spdy_session.cc(3435)] Received WINDOW_UPDATE for invalid stream 3
[1011/004629.008:WARNING:spdy_session.cc(3488)] Received HEADERS for invalid stream 3
[1011/004828.074:ERROR:ssl_client_socket_impl.cc(995)] handshake failed; returned -1, SSL error code 1, net_error -101
[1011/004828.383:ERROR:ssl_client_socket_impl.cc(995)] handshake failed; returned -1, SSL error code 1, net_error -101
[1011/004828.383:ERROR:ssl_client_socket_impl.cc(995)] handshake failed; returned -1, SSL error code 1, net_error -101
[1011/004828.430:ERROR:ssl_client_socket_impl.cc(995)] handshake failed; returned -1, SSL error code 1, net_error -101
[1011/004833.080:ERROR:ssl_client_socket_impl.cc(995)] handshake failed; returned -1, SSL error code 1, net_error -101
[1011/004833.388:ERROR:ssl_client_socket_impl.cc(995)] handshake failed; returned -1, SSL error code 1, net_error -101
[1011/004833.388:ERROR:ssl_client_socket_impl.cc(995)] handshake failed; returned -1, SSL error code 1, net_error -101
[1011/004833.432:ERROR:ssl_client_socket_impl.cc(995)] handshake failed; returned -1, SSL error code 1, net_error -101
[1011/004838.168:ERROR:ssl_client_socket_impl.cc(995)] handshake failed; returned -1, SSL error code 1, net_error -101
[1011/004838.398:ERROR:ssl_client_socket_impl.cc(995)] handshake failed; returned -1, SSL error code 1, net_error -101
[1011/004838.707:ERROR:ssl_client_socket_impl.cc(995)] handshake failed; returned -1, SSL error code 1, net_error -101
[1011/004838.723:ERROR:ssl_client_socket_impl.cc(995)] handshake failed; returned -1, SSL error code 1, net_error -101
[1011/004838.725:ERROR:ssl_client_socket_impl.cc(995)] handshake failed; returned -1, SSL error code 1, net_error -101
[1011/004838.725:ERROR:ssl_client_socket_impl.cc(995)] handshake failed; returned -1, SSL error code 1, net_error -101
[1011/004838.725:ERROR:ssl_client_socket_impl.cc(995)] handshake failed; returned -1, SSL error code 1, net_error -101
[1011/004844.741:ERROR:ssl_client_socket_impl.cc(995)] handshake failed; returned -1, SSL error code 1, net_error -101
[1011/004849.755:ERROR:ssl_client_socket_impl.cc(995)] handshake failed; returned -1, SSL error code 1, net_error -101
[1011/004854.759:ERROR:ssl_client_socket_impl.cc(995)] handshake failed; returned -1, SSL error code 1, net_error -101
[1011/004855.069:ERROR:ssl_client_socket_impl.cc(995)] handshake failed; returned -1, SSL error code 1, net_error -101
[1011/004855.070:ERROR:ssl_client_socket_impl.cc(995)] handshake failed; returned -1, SSL error code 1, net_error -101
[1011/004855.071:ERROR:ssl_client_socket_impl.cc(995)] handshake failed; returned -1, SSL error code 1, net_error -101
[1011/004951.153:WARNING:spdy_session.cc(3435)] Received WINDOW_UPDATE for invalid stream 21
[1011/004951.197:WARNING:spdy_session.cc(3488)] Received HEADERS for invalid stream 21
[1011/013759.618:WARNING:spdy_session.cc(3488)] Received HEADERS for invalid stream 15
[1011/013803.714:WARNING:spdy_session.cc(3488)] Received HEADERS for invalid stream 277
[1011/013803.717:WARNING:spdy_session.cc(3435)] Received WINDOW_UPDATE for invalid stream 279
[1011/013803.725:WARNING:spdy_session.cc(3488)] Received HEADERS for invalid stream 279
[1011/013803.777:WARNING:spdy_session.cc(3488)] Received HEADERS for invalid stream 5
[1011/013803.802:WARNING:spdy_session.cc(3488)] Received HEADERS for invalid stream 9
[1011/013803.823:WARNING:spdy_session.cc(3488)] Received HEADERS for invalid stream 11
[1011/013803.832:WARNING:spdy_session.cc(3488)] Received HEADERS for invalid stream 13
[1011/013803.862:WARNING:spdy_session.cc(3488)] Received HEADERS for invalid stream 17
[1011/013803.876:WARNING:spdy_session.cc(3488)] Received HEADERS for invalid stream 19
[1011/013803.879:WARNING:spdy_session.cc(3488)] Received HEADERS for invalid stream 21
[1011/013803.898:WARNING:spdy_session.cc(3488)] Received HEADERS for invalid stream 25
[1011/013803.902:WARNING:spdy_session.cc(3488)] Received HEADERS for invalid stream 29
[1011/013803.912:WARNING:spdy_session.cc(3488)] Received HEADERS for invalid stream 23
[1011/013803.923:WARNING:spdy_session.cc(3488)] Received HEADERS for invalid stream 31
[1011/013803.925:WARNING:spdy_session.cc(3488)] Received HEADERS for invalid stream 37
[1011/013804.052:WARNING:spdy_session.cc(3488)] Received HEADERS for invalid stream 33
[1011/013804.110:WARNING:spdy_session.cc(3488)] Received HEADERS for invalid stream 39
[1011/013804.118:WARNING:spdy_session.cc(3488)] Received HEADERS for invalid stream 43
[1011/013804.123:WARNING:spdy_session.cc(3488)] Received HEADERS for invalid stream 47
[1011/013804.125:WARNING:spdy_session.cc(3488)] Received HEADERS for invalid stream 27
[1011/013804.132:WARNING:spdy_session.cc(3488)] Received HEADERS for invalid stream 15
[1011/013804.138:WARNING:spdy_session.cc(3488)] Received HEADERS for invalid stream 45
[1011/013804.156:WARNING:spdy_session.cc(3488)] Received HEADERS for invalid stream 51
[1011/013804.165:WARNING:spdy_session.cc(3488)] Received HEADERS for invalid stream 53
[1011/013804.183:WARNING:spdy_session.cc(3488)] Received HEADERS for invalid stream 35
[1011/013804.221:WARNING:spdy_session.cc(3488)] Received HEADERS for invalid stream 41
[1011/013804.229:WARNING:spdy_session.cc(3488)] Received HEADERS for invalid stream 55
[1011/013804.254:WARNING:spdy_session.cc(3488)] Received HEADERS for invalid stream 57
[1011/013804.273:WARNING:spdy_session.cc(3488)] Received HEADERS for invalid stream 59
[1011/013804.306:WARNING:spdy_session.cc(3488)] Received HEADERS for invalid stream 61
[1011/013804.328:WARNING:spdy_session.cc(3488)] Received HEADERS for invalid stream 49
[1011/013804.425:WARNING:spdy_session.cc(3488)] Received HEADERS for invalid stream 63
[1011/013804.457:WARNING:spdy_session.cc(3488)] Received HEADERS for invalid stream 65
[1011/013804.483:WARNING:spdy_session.cc(3488)] Received HEADERS for invalid stream 69
[1011/013804.565:WARNING:spdy_session.cc(3488)] Received HEADERS for invalid stream 67
[0407/104728.720:WARNING:spdy_session.cc(3435)] Received WINDOW_UPDATE for invalid stream 301
[0407/104728.723:WARNING:spdy_session.cc(3488)] Received HEADERS for invalid stream 301
[0407/113444.685:WARNING:spdy_session.cc(3488)] Received HEADERS for invalid stream 177
[0407/113447.139:WARNING:spdy_session.cc(3488)] Received HEADERS for invalid stream 293
[0407/113447.139:WARNING:spdy_session.cc(3488)] Received HEADERS for invalid stream 47
[0407/113447.142:WARNING:spdy_session.cc(3488)] Received HEADERS for invalid stream 49
[0407/113447.145:WARNING:spdy_session.cc(3488)] Received HEADERS for invalid stream 51
[0407/113447.151:WARNING:spdy_session.cc(3488)] Received HEADERS for invalid stream 53
[0407/113447.153:WARNING:spdy_session.cc(3488)] Received HEADERS for invalid stream 37
[0407/113447.159:WARNING:spdy_session.cc(3488)] Received HEADERS for invalid stream 55
[0407/113447.159:WARNING:spdy_session.cc(3488)] Received HEADERS for invalid stream 57
[0407/113447.160:WARNING:spdy_session.cc(3488)] Received HEADERS for invalid stream 59
[0407/113447.161:WARNING:spdy_session.cc(3488)] Received HEADERS for invalid stream 61
[0407/113447.161:WARNING:spdy_session.cc(3488)] Received HEADERS for invalid stream 65
[0407/113447.234:WARNING:spdy_session.cc(3488)] Received HEADERS for invalid stream 67
[0407/113447.234:WARNING:spdy_session.cc(3488)] Received HEADERS for invalid stream 63
[0407/143232.558:WARNING:spdy_session.cc(3488)] Received HEADERS for invalid stream 289
[0407/150336.012:ERROR:ssl_client_socket_impl.cc(995)] handshake failed; returned -1, SSL error code 1, net_error -100
[0407/165346.629:WARNING:spdy_session.cc(3435)] Received WINDOW_UPDATE for invalid stream 317
[0407/165346.629:WARNING:spdy_session.cc(3435)] Received WINDOW_UPDATE for invalid stream 319
[0407/165347.720:WARNING:spdy_session.cc(3488)] Received HEADERS for invalid stream 381
[0408/102650.859:WARNING:spdy_session.cc(3488)] Received HEADERS for invalid stream 25
[0408/102650.864:WARNING:spdy_session.cc(3488)] Received HEADERS for invalid stream 285
[0408/102650.883:WARNING:spdy_session.cc(3488)] Received HEADERS for invalid stream 27
[0408/102650.926:WARNING:spdy_session.cc(3488)] Received HEADERS for invalid stream 29
[0408/102650.934:WARNING:spdy_session.cc(3488)] Received HEADERS for invalid stream 31
[0408/102650.946:WARNING:spdy_session.cc(3488)] Received HEADERS for invalid stream 33
[0408/102651.018:WARNING:spdy_session.cc(3488)] Received HEADERS for invalid stream 35
[0408/102651.028:WARNING:spdy_session.cc(3488)] Received HEADERS for invalid stream 37
[0408/102651.064:WARNING:spdy_session.cc(3488)] Received HEADERS for invalid stream 39
[0408/102651.080:WARNING:spdy_session.cc(3488)] Received HEADERS for invalid stream 41
[0408/102651.103:WARNING:spdy_session.cc(3488)] Received HEADERS for invalid stream 43
[0408/102651.120:WARNING:spdy_session.cc(3488)] Received HEADERS for invalid stream 45
[0408/102651.131:WARNING:spdy_session.cc(3488)] Received HEADERS for invalid stream 47
[0408/102651.158:WARNING:spdy_session.cc(3488)] Received HEADERS for invalid stream 49
[0408/102651.175:WARNING:spdy_session.cc(3488)] Received HEADERS for invalid stream 51
[0408/102651.178:WARNING:spdy_session.cc(3488)] Received HEADERS for invalid stream 53
[0408/102651.213:WARNING:spdy_session.cc(3488)] Received HEADERS for invalid stream 55
[0408/102651.215:WARNING:spdy_session.cc(3488)] Received HEADERS for invalid stream 57
[0408/102651.215:WARNING:spdy_session.cc(3488)] Received HEADERS for invalid stream 61
[0408/102651.216:WARNING:spdy_session.cc(3488)] Received HEADERS for invalid stream 65
[0408/102651.219:WARNING:spdy_session.cc(3488)] Received HEADERS for invalid stream 67
[0408/102651.221:WARNING:spdy_session.cc(3488)] Received HEADERS for invalid stream 59
[0408/102651.240:WARNING:spdy_session.cc(3488)] Received HEADERS for invalid stream 63
[0604/150657.899:WARNING:spdy_session.cc(3488)] Received HEADERS for invalid stream 37
[0604/150657.908:WARNING:spdy_session.cc(3488)] Received HEADERS for invalid stream 19
